<?xml version="1.0" encoding="utf-8"?><testsuites name="pytest tests"><testsuite name="pytest" errors="0" failures="0" skipped="0" tests="0" time="2.607" timestamp="2025-10-28T04:29:27.032576+00:00" hostname="76137d1d306c" /></testsuites>